]0;/home/schimata/Projects/2019/dataquality]0;schimata@schimata-ThinkPad-T450: ~/Projects/2019/dataquality[01;32mschimata@schimata-ThinkPad-T450[00m:[01;34m~/Projects/2019/dataquality[00m$ git init
Initialized empty Git repository in /home/schimata/Projects/2019/dataquality/.git/
]0;/home/schimata/Projects/2019/dataquality]0;schimata@schimata-ThinkPad-T450: ~/Projects/2019/dataquality[01;32mschimata@schimata-ThinkPad-T450[00m:[01;34m~/Projects/2019/dataquality[00m$ git commit -m "first commit"
On branch master

Initial commit

Untracked files:
	[31m.Rbuildignore[m
	[31m.Rproj.user/[m
	[31mDESCRIPTION[m
	[31mLICENSE[m
	[31mLICENSE.md[m
	[31mNAMESPACE[m
	[31mR/[m
	[31mdataquality.Rproj[m
	[31mman/[m

nothing added to commit but untracked files present
]0;/home/schimata/Projects/2019/dataquality]0;schimata@schimata-ThinkPad-T450: ~/Projects/2019/dataquality[01;32mschimata@schimata-ThinkPad-T450[00m:[01;34m~/Projects/2019/dataquality[00m$ git add .
]0;/home/schimata/Projects/2019/dataquality]0;schimata@schimata-ThinkPad-T450: ~/Projects/2019/dataquality[01;32mschimata@schimata-ThinkPad-T450[00m:[01;34m~/Projects/2019/dataquality[00m$ git add .commit -m "first commit"
[master (root-commit) 2cb6ca5] first commit
 57 files changed, 2315 insertions(+)
 create mode 100644 .Rbuildignore
 create mode 100644 .Rproj.user/4631C655/build_options
 create mode 100644 .Rproj.user/4631C655/console06/54A24046
 create mode 100644 .Rproj.user/4631C655/console06/54A24046.env
 create mode 100644 .Rproj.user/4631C655/console06/INDEX001
 create mode 100644 .Rproj.user/4631C655/cpp-definition-cache
 create mode 100644 .Rproj.user/4631C655/pcs/debug-breakpoints.pper
 create mode 100644 .Rproj.user/4631C655/pcs/files-pane.pper
 create mode 100644 .Rproj.user/4631C655/pcs/packages-pane.pper
 create mode 100644 .Rproj.user/4631C655/pcs/source-pane.pper
 create mode 100644 .Rproj.user/4631C655/pcs/windowlayoutstate.pper
 create mode 100644 .Rproj.user/4631C655/pcs/workbench-pane.pper
 create mode 100644 .Rproj.user/4631C655/persistent-state
 create mode 100644 .Rproj.user/4631C655/rmd-outputs
 create mode 100644 .Rproj.user/4631C655/saved_source_markers
 create mode 100644 .Rproj.user/4631C655/sources/prop/17B71F18
 create mode 100644 .Rproj.user/4631C655/sources/prop/3BFFD087
 create mode 100644 .Rproj.user/4631C655/sources/prop/416402D7
 create mode 100644 .Rproj.user/4631C655/sources/prop/4800FF7D
 create mode 100644 .Rproj.user/4631C655/sources/prop/7D193422
 create mode 100644 .Rproj.user/4631C655/sources/prop/855BD5BC
 create mode 100644 .Rproj.user/4631C655/sources/prop/A3A2FB77
 create mode 100644 .Rproj.user/4631C655/sources/prop/BEA46512
 create mode 100644 .Rproj.user/4631C655/sources/prop/DC70BD99
 create mode 100644 .Rproj.user/4631C655/sources/prop/F75BF69B
 create mode 100644 .Rproj.user/4631C655/sources/prop/INDEX
 create mode 100644 .Rproj.user/4631C655/sources/s-294E2EEA/12076679-contents
 create mode 100644 .Rproj.user/4631C655/sources/s-294E2EEA/17706294-contents
 create mode 100644 .Rproj.user/4631C655/sources/s-294E2EEA/2BBD6070-contents
 create mode 100644 .Rproj.user/4631C655/sources/s-294E2EEA/2C9E7173-contents
 create mode 100644 .Rproj.user/4631C655/sources/s-294E2EEA/34B65F0D-contents
 create mode 100644 .Rproj.user/4631C655/sources/s-294E2EEA/3651A3A8-contents
 create mode 100644 .Rproj.user/4631C655/sources/s-294E2EEA/40E5C01F
 create mode 100644 .Rproj.user/4631C655/sources/s-294E2EEA/40E5C01F-contents
 create mode 100644 .Rproj.user/4631C655/sources/s-294E2EEA/56F96F5E-contents
 create mode 100644 .Rproj.user/4631C655/sources/s-294E2EEA/5E3519F6-contents
 create mode 100644 .Rproj.user/4631C655/sources/s-294E2EEA/65241064-contents
 create mode 100644 .Rproj.user/4631C655/sources/s-294E2EEA/66E96135-contents
 create mode 100644 .Rproj.user/4631C655/sources/s-294E2EEA/74F86322
 create mode 100644 .Rproj.user/4631C655/sources/s-294E2EEA/74F86322-contents
 create mode 100644 .Rproj.user/4631C655/sources/s-294E2EEA/80F34E2C
 create mode 100644 .Rproj.user/4631C655/sources/s-294E2EEA/80F34E2C-contents
 create mode 100644 .Rproj.user/4631C655/sources/s-294E2EEA/81ABAA58
 create mode 100644 .Rproj.user/4631C655/sources/s-294E2EEA/81ABAA58-contents
 create mode 100644 .Rproj.user/4631C655/sources/s-294E2EEA/B0EB3D63-contents
 create mode 100644 .Rproj.user/4631C655/sources/s-294E2EEA/BF97D4A9-contents
 create mode 100644 .Rproj.user/4631C655/sources/s-294E2EEA/C6E4ADF4-contents
 create mode 100644 .Rproj.user/4631C655/sources/s-294E2EEA/lock_file
 create mode 100644 .Rproj.user/shared/notebooks/patch-chunk-names
 create mode 100644 .Rproj.user/shared/notebooks/paths
 create mode 100644 DESCRIPTION
 create mode 100644 LICENSE
 create mode 100644 LICENSE.md
 create mode 100644 NAMESPACE
 create mode 100644 R/dataquality.R
 create mode 100644 dataquality.Rproj
 create mode 100644 man/DQR.Rd
]0;/home/schimata/Projects/2019/dataquality]0;schimata@schimata-ThinkPad-T450: ~/Projects/2019/dataquality[01;32mschimata@schimata-ThinkPad-T450[00m:[01;34m~/Projects/2019/dataquality[00m$ git remote add origin git@github.com:ssnchimata/dataquality.git
]0;/home/schimata/Projects/2019/dataquality]0;schimata@schimata-ThinkPad-T450: ~/Projects/2019/dataquality[01;32mschimata@schimata-ThinkPad-T450[00m:[01;34m~/Projects/2019/dataquality[00m$ git push -u origin master
git@github.com: Permission denied (publickey).
fatal: Could not read from remote repository.

Please make sure you have the correct access rights
and the repository exists.
]0;/home/schimata/Projects/2019/dataquality]0;schimata@schimata-ThinkPad-T450: ~/Projects/2019/dataquality[01;32mschimata@schimata-ThinkPad-T450[00m:[01;34m~/Projects/2019/dataquality[00m$ git push -u origin master[Kgit remote add origin https://github.ccom/snchimata/dataquality.git
fatal: remote origin already exists.
]0;/home/schimata/Projects/2019/dataquality]0;schimata@schimata-ThinkPad-T450: ~/Projects/2019/dataquality[01;32mschimata@schimata-ThinkPad-T450[00m:[01;34m~/Projects/2019/dataquality[00m$ git remote add origin https://github.ccom/snchimata/dataquality.git[A[C[C[C[C[C[C[C[C[C[C[C[C[C[C[C[C[C[C[C[C[C[C[C[C[C[C[C[C[C[C[C[C[C[C[C[C[C[C[C[C[C[C[C[C[C[C[C[C[C[C[C[C[C[C[C[C[C[C[C[C[C[C[C[C[C[C[C[C[C[C[C[C[C[C[C[C[C[C[C[C[C[C[C[C[C[C[C[C[C[C[C[C[C[C[C[C[C[C https://github.co[1Pm/snchimata/dataquality.git[A]0;schimata@schimata-ThinkPad-T450: ~/Projects/2019/dataquality[01;32mschimata@schimata-ThinkPad-T450[00m:[01;34m~/Projects/2019/dataquality[00m$ [C[C[C[C[C[C[C[C[C[C[C[C[C[C[C[C[C[C[C[C https://github.com[1P/snchimata/dataquality.git[A]0;schimata@schimata-ThinkPad-T450: ~/Projects/2019/dataquality[01;32mschimata@schimata-ThinkPad-T450[00m:[01;34m~/Projects/2019/dataquality[00m$ [C[C[C[C[C[C[C[C[C[C[C[C[C[C[C[C[C[C[C https://github.com/[1Psnchimata/dataquality.git[A]0;schimata@schimata-ThinkPad-T450: ~/Projects/2019/dataquality[01;32mschimata@schimata-ThinkPad-T450[00m:[01;34m~/Projects/2019/dataquality[00m$ [C[C[C[C[C[C[C[C[C[C[C[C[C[C[C[C[C[C https://github.com/s[1Pnchimata/dataquality.git[A]0;schimata@schimata-ThinkPad-T450: ~/Projects/2019/dataquality[01;32mschimata@schimata-ThinkPad-T450[00m:[01;34m~/Projects/2019/dataquality[00m$ [C[C[C[C[C[C[C[C[C[C[C[C[C[C[C[C[C https://github.com/sn[1Pchimata/dataquality.git[A]0;schimata@schimata-ThinkPad-T450: ~/Projects/2019/dataquality[01;32mschimata@schimata-ThinkPad-T450[00m:[01;34m~/Projects/2019/dataquality[00m$ [C[C[C[C[C[C[C[C[C[C[C[C[C[C[C[C https://github.com/snc[1Phimata/dataquality.git[A]0;schimata@schimata-ThinkPad-T450: ~/Projects/2019/dataquality[01;32mschimata@schimata-ThinkPad-T450[00m:[01;34m~/Projects/2019/dataquality[00m$ [C[C[C[C[C[C[C[C[C[C[C[C[C[C[Cd https://github.com/snchimata/dataquality.git[A]0;schimata@schimata-ThinkPad-T450: ~/Projects/2019/dataquality[01;32mschimata@schimata-ThinkPad-T450[00m:[01;34m~/Projects/2019/dataquality[00m$ [C[C[C[C[C[C[C[C[C[C[C[C[C[C[C[Ca https://github.com/snchimata/dataquality.git[A]0;schimata@schimata-ThinkPad-T450: ~/Projects/2019/dataquality[01;32mschimata@schimata-ThinkPad-T450[00m:[01;34m~/Projects/2019/dataquality[00m$ [C[C[C[C[C[C[C[C[C[C[C[C[C[C[C[C[Ct https://github.com/snchimata/dataquality.git[A]0;schimata@schimata-ThinkPad-T450: ~/Projects/2019/dataquality[01;32mschimata@schimata-ThinkPad-T450[00m:[01;34m~/Projects/2019/dataquality[00m$ [C[C[C[C[C[C[C[C[C[C[C[C[C[C[C[C[C[Ca https://github.com/snchimata/dataquality.git[A]0;schimata@schimata-ThinkPad-T450: ~/Projects/2019/dataquality[01;32mschimata@schimata-ThinkPad-T450[00m:[01;34m~/Projects/2019/dataquality[00m$ [C[C[C[C[C[C[C[C[C[C[C[C[C[C[C[C[C[C[Cq https://github.com/snchimata/dataquality.git[A]0;schimata@schimata-ThinkPad-T450: ~/Projects/2019/dataquality[01;32mschimata@schimata-ThinkPad-T450[00m:[01;34m~/Projects/2019/dataquality[00m$ [C[C[C[C[C[C[C[C[C[C[C[C[C[C[C[C[C[C[C[Cu https://github.com/snchimata/dataquality.git[A]0;schimata@schimata-ThinkPad-T450: ~/Projects/2019/dataquality[01;32mschimata@schimata-ThinkPad-T450[00m:[01;34m~/Projects/2019/dataquality[00m$ [C[C[C[C[C[C[C[C[C[C[C[C[C[C[C[C[C[C[C[C[Ca https://github.com/snchimata/dataquality.git[A]0;schimata@schimata-ThinkPad-T450: ~/Projects/2019/dataquality[01;32mschimata@schimata-ThinkPad-T450[00m:[01;34m~/Projects/2019/dataquality[00m$ [C[C[C[C[C[C[C[C[C[C[C[C[C[C[C[C[C[C[C[C[C[Cl https://github.com/snchimata/dataquality.git[A]0;schimata@schimata-ThinkPad-T450: ~/Projects/2019/dataquality[01;32mschimata@schimata-ThinkPad-T450[00m:[01;34m~/Projects/2019/dataquality[00m$ [C[C[C[C[C[C[C[C[C[C[C[C[C[C[C[C[C[C[C[C[C[C[Ci https://github.com/snchimata/dataquality.git[A]0;schimata@schimata-ThinkPad-T450: ~/Projects/2019/dataquality[01;32mschimata@schimata-ThinkPad-T450[00m:[01;34m~/Projects/2019/dataquality[00m$ [C[C[C[C[C[C[C[C[C[C[C[C[C[C[C[C[C[C[C[C[C[C[C[Ct https://github.com/snchimata/dataquality.git[A]0;schimata@schimata-ThinkPad-T450: ~/Projects/2019/dataquality[01;32mschimata@schimata-ThinkPad-T450[00m:[01;34m~/Projects/2019/dataquality[00m$ [C[C[C[C[C[C[C[C[C[C[C[C[C[C[C[C[C[C[C[C[C[C[C[C[Cy https://github.com/snchimata/dataquality.git[A]0;schimata@schimata-ThinkPad-T450: ~/Projects/2019/dataquality[01;32mschimata@schimata-ThinkPad-T450[00m:[01;34m~/Projects/2019/dataquality[00m$ [C[C[C[C[C[C[C[C[C[C[C[C[C[C[C[C[C[C[C[C[C[C[C[C[C[Ch https://github.com/snchimata/dataquality.git[A]0;schimata@schimata-ThinkPad-T450: ~/Projects/2019/dataquality[01;32mschimata@schimata-ThinkPad-T450[00m:[01;34m~/Projects/2019/dataquality[00m$ [C[C[C[C[C[C[C[C[C[C[C[C[C[C[C[C[C[C[C[C[C[C[C[C[C[C[C

]0;/home/schimata/Projects/2019/dataquality]0;schimata@schimata-ThinkPad-T450: ~/Projects/2019/dataquality[01;32mschimata@schimata-ThinkPad-T450[00m:[01;34m~/Projects/2019/dataquality[00m$ git push -u origin master[1P master[1P master[1P master[1P master[1P master[1P masterd mastera mastert mastera masterq masteru mastera masterl masteri mastert mastery masterh master
Username for 'https://github.com': snchimata
Password for 'https://snchimata@github.com': 
Counting objects: 60, done.
Delta compression using up to 4 threads.
Compressing objects:   2% (1/46)   Compressing objects:   4% (2/46)   Compressing objects:   6% (3/46)   Compressing objects:   8% (4/46)   Compressing objects:  10% (5/46)   Compressing objects:  13% (6/46)   Compressing objects:  15% (7/46)   Compressing objects:  17% (8/46)   Compressing objects:  19% (9/46)   Compressing objects:  21% (10/46)   Compressing objects:  23% (11/46)   Compressing objects:  26% (12/46)   Compressing objects:  28% (13/46)   Compressing objects:  30% (14/46)   Compressing objects:  32% (15/46)   Compressing objects:  34% (16/46)   Compressing objects:  36% (17/46)   Compressing objects:  39% (18/46)   Compressing objects:  41% (19/46)   Compressing objects:  43% (20/46)   Compressing objects:  45% (21/46)   Compressing objects:  47% (22/46)   Compressing objects:  50% (23/46)   Compressing objects:  52% (24/46)   Compressing objects:  54% (25/46)   Compressing objects:  56% (26/46)   Compressing objects:  58% (27/46)   Compressing objects:  60% (28/46)   Compressing objects:  63% (29/46)   Compressing objects:  65% (30/46)   Compressing objects:  67% (31/46)   Compressing objects:  69% (32/46)   Compressing objects:  71% (33/46)   Compressing objects:  73% (34/46)   Compressing objects:  76% (35/46)   Compressing objects:  78% (36/46)   Compressing objects:  80% (37/46)   Compressing objects:  82% (38/46)   Compressing objects:  84% (39/46)   Compressing objects:  86% (40/46)   Compressing objects:  89% (41/46)   Compressing objects:  91% (42/46)   Compressing objects:  93% (43/46)   Compressing objects:  95% (44/46)   Compressing objects:  97% (45/46)   Compressing objects: 100% (46/46)   Compressing objects: 100% (46/46), done.
Writing objects:   1% (1/60)   Writing objects:   3% (2/60)   Writing objects:   5% (3/60)   Writing objects:   6% (4/60)   Writing objects:   8% (5/60)   Writing objects:  10% (6/60)   Writing objects:  11% (7/60)   Writing objects:  13% (8/60)   Writing objects:  15% (9/60)   Writing objects:  16% (10/60)   Writing objects:  18% (11/60)   Writing objects:  20% (12/60)   Writing objects:  21% (13/60)   Writing objects:  23% (14/60)   Writing objects:  25% (15/60)   Writing objects:  26% (16/60)   Writing objects:  28% (17/60)   Writing objects:  30% (18/60)   Writing objects:  31% (19/60)   Writing objects:  33% (20/60)   Writing objects:  35% (21/60)   Writing objects:  36% (22/60)   Writing objects:  38% (23/60)   Writing objects:  40% (24/60)   Writing objects:  41% (25/60)   Writing objects:  43% (26/60)   Writing objects:  45% (27/60)   Writing objects:  46% (28/60)   Writing objects:  48% (29/60)   Writing objects:  50% (30/60)   Writing objects:  51% (31/60)   Writing objects:  53% (32/60)   Writing objects:  55% (33/60)   Writing objects:  56% (34/60)   Writing objects:  58% (35/60)   Writing objects:  60% (36/60)   Writing objects:  61% (37/60)   Writing objects:  63% (38/60)   Writing objects:  65% (39/60)   Writing objects:  66% (40/60)   Writing objects:  68% (41/60)   Writing objects:  71% (43/60)   Writing objects:  75% (45/60)   Writing objects:  76% (46/60)   Writing objects:  78% (47/60)   Writing objects:  80% (48/60)   Writing objects:  81% (49/60)   Writing objects:  83% (50/60)   Writing objects:  85% (51/60)   Writing objects:  86% (52/60)   Writing objects:  88% (53/60)   Writing objects:  90% (54/60)   Writing objects:  91% (55/60)   Writing objects:  93% (56/60)   Writing objects:  95% (57/60)   Writing objects:  96% (58/60)   Writing objects:  98% (59/60)   Writing objects: 100% (60/60)   Writing objects: 100% (60/60), 26.45 KiB | 3.31 MiB/s, done.
Total 60 (delta 5), reused 0 (delta 0)
remote: Resolving deltas:   0% (0/5)   [Kremote: Resolving deltas:  60% (3/5)   [Kremote: Resolving deltas:  80% (4/5)   [Kremote: Resolving deltas: 100% (5/5)   [Kremote: Resolving deltas: 100% (5/5), done.[K
To https://github.com/snchimata/dataquality.git
 * [new branch]      master -> master
Branch 'master' set up to track remote branch 'master' from 'dataqualityh'.
]0;/home/schimata/Projects/2019/dataquality]0;schimata@schimata-ThinkPad-T450: ~/Projects/2019/dataquality[01;32mschimata@schimata-ThinkPad-T450[00m:[01;34m~/Projects/2019/dataquality[00m$ git push -u dataqualityh masterremote add dataqualityh https://giithub.com/snchimata/dataquality.git[A]0;schimata@schimata-ThinkPad-T450: ~/Projects/2019/dataquality[01;32mschimata@schimata-ThinkPad-T450[00m:[01;34m~/Projects/2019/dataquality[00m$ [C[C[C[C[C[C[C[C[C[C[C[C[C[C[Corigin https://github.c[6Pom/snchimata/dataquality.git[A]0;schimata@schimata-ThinkPad-T450: ~/Projects/2019/dataquality[01;32mschimata@schimata-ThinkPad-T450[00m:[01;34m~/Projects/2019/dataquality[00m$ [C[C[C[C[12Ppush -u origin master
[K[A[C[C[C[C[C[C[C[C[C[C[C[C[C[C[C[C[C[C[C[C[C[C[C[C[C[C[C[C[C[C[C[C[C[C[C[C[C[C[C[C[C[C[C[C[C[C[C[C[C[C[C[C[C[C[C[C[C[C[C[C[C[C[C[C[C[C[C[C[C[C[C[C[C[C[C[C[C[C[C[C[C[C[C[C[C[Cremote add origin git@github.com:ssnchimata/dataquality.git[A]0;schimata@schimata-ThinkPad-T450: ~/Projects/2019/dataquality[01;32mschimata@schimata-ThinkPad-T450[00m:[01;34m~/Projects/2019/dataquality[00m$ [C[C[C[C[9Pcommit -m "first commit"
[K[A[C[C[C[C[C[C[C[C[C[C[C[C[C[C[C[C[C[C[C[C[C[C[C[C[C[C[C[C[C[C[C[C[C[C[C[C[C[C[C[C[C[C[C[C[C[C[C[C[C[C[C[C[C[C[C[C[C[C[C[C[C[C[C[C[C[C[C[C[C[C[C[C[C[C[C[C[C[C[C[C[C[C[C[C[C[C[C[C[C[C[Cadd .[K
]0;/home/schimata/Projects/2019/dataquality]0;schimata@schimata-ThinkPad-T450: ~/Projects/2019/dataquality[01;32mschimata@schimata-ThinkPad-T450[00m:[01;34m~/Projects/2019/dataquality[00m$ git add .push -u dataqualityh masterremote add dataqualityh https://giithub.com/snchimata/dataquality.git[A]0;schimata@schimata-ThinkPad-T450: ~/Projects/2019/dataquality[01;32mschimata@schimata-ThinkPad-T450[00m:[01;34m~/Projects/2019/dataquality[00m$ [C[C[C[C[C[C[C[C[C[C[C[C[C[C[Corigin https://github.c[6Pom/snchimata/dataquality.git[A]0;schimata@schimata-ThinkPad-T450: ~/Projects/2019/dataquality[01;32mschimata@schimata-ThinkPad-T450[00m:[01;34m~/Projects/2019/dataquality[00m$ [C[C[C[C[12Ppush -u origin master
[K[A[C[C[C[C[C[C[C[C[C[C[C[C[C[C[C[C[C[C[C[C[C[C[C[C[C[C[C[C[C[C[C[C[C[C[C[C[C[C[C[C[C[C[C[C[C[C[C[C[C[C[C[C[C[C[C[C[C[C[C[C[C[C[C[C[C[C[C[C[C[C[C[C[C[C[C[C[C[C[C[C[C[C[C[C[C[Cremote add origin git@github.com:ssnchimata/dataquality.git[A]0;schimata@schimata-ThinkPad-T450: ~/Projects/2019/dataquality[01;32mschimata@schimata-ThinkPad-T450[00m:[01;34m~/Projects/2019/dataquality[00m$ [C[C[C[C[9Pcommit -m "first commit"
[K[A[C[C[C[C[C[C[C[C[C[C[C[C[C[C[C[C[C[C[C[C[C[C[C[C[C[C[C[C[C[C[C[C[C[C[C[C[C[C[C[C[C[C[C[C[C[C[C[C[C[C[C[C[C[C[C[C[C[C[C[C[C[C[C[C[C[C[C[C[C[C[C[C[C[C[C[C[C[C[C[C[C[C[C[C[C[C[C[C[C[1P"[1P"[1P"[1P"[1P"[1P"[1P"[1P"[1P"[1P"[1P"[1P"0"."1"."0"
[master da19c49] 0.1.0
 1 file changed, 87 insertions(+), 1 deletion(-)
]0;/home/schimata/Projects/2019/dataquality]0;schimata@schimata-ThinkPad-T450: ~/Projects/2019/dataquality[01;32mschimata@schimata-ThinkPad-T450[00m:[01;34m~/Projects/2019/dataquality[00m$ git commit -m "0.1.0"add .[Kpush -u dataqualityh master
Username for 'https://github.com': snchimata
Password for 'https://snchimata@github.com': 
Counting objects: 6, done.
Delta compression using up to 4 threads.
Compressing objects:  16% (1/6)   Compressing objects:  33% (2/6)   Compressing objects:  50% (3/6)   Compressing objects:  66% (4/6)   Compressing objects:  83% (5/6)   Compressing objects: 100% (6/6)   Compressing objects: 100% (6/6), done.
Writing objects:  16% (1/6)   Writing objects:  33% (2/6)   Writing objects:  50% (3/6)   Writing objects:  66% (4/6)   Writing objects:  83% (5/6)   Writing objects: 100% (6/6)   Writing objects: 100% (6/6), 2.62 KiB | 2.62 MiB/s, done.
Total 6 (delta 2), reused 0 (delta 0)
remote: Resolving deltas:   0% (0/2)   [Kremote: Resolving deltas:  50% (1/2)   [Kremote: Resolving deltas: 100% (2/2)   [Kremote: Resolving deltas: 100% (2/2), completed with 2 local objects.[K
To https://github.com/snchimata/dataquality.git
   2cb6ca5..da19c49  master -> master
Branch 'master' set up to track remote branch 'master' from 'dataqualityh'.
]0;/home/schimata/Projects/2019/dataquality]0;schimata@schimata-ThinkPad-T450: ~/Projects/2019/dataquality[01;32mschimata@schimata-ThinkPad-T450[00m:[01;34m~/Projects/2019/dataquality[00m$ rm rf .git
rm: cannot remove 'rf': No such file or directory
rm: cannot remove '.git': Is a directory
]0;/home/schimata/Projects/2019/dataquality]0;schimata@schimata-ThinkPad-T450: ~/Projects/2019/dataquality[01;32mschimata@schimata-ThinkPad-T450[00m:[01;34m~/Projects/2019/dataquality[00m$ rm rf .git[1@-
]0;/home/schimata/Projects/2019/dataquality]0;schimata@schimata-ThinkPad-T450: ~/Projects/2019/dataquality[01;32mschimata@schimata-ThinkPad-T450[00m:[01;34m~/Projects/2019/dataquality[00m$ rm -rf .git[1P[C[C[C[C[C[C[Cgit push -u dataqualityh master[10Pcommit -m "0.1.0"add .[Kpush -u dataqualityh masterremote add dataqualityh https://giithub.com/snchimata/dataquality.git[A]0;schimata@schimata-ThinkPad-T450: ~/Projects/2019/dataquality[01;32mschimata@schimata-ThinkPad-T450[00m:[01;34m~/Projects/2019/dataquality[00m$ [C[C[C[C[C[C[C[C[C[C[C[C[C[C[Corigin https://github.c[6Pom/snchimata/dataquality.git[A]0;schimata@schimata-ThinkPad-T450: ~/Projects/2019/dataquality[01;32mschimata@schimata-ThinkPad-T450[00m:[01;34m~/Projects/2019/dataquality[00m$ [C[C[C[C[12Ppush -u origin master
[K[A[C[C[C[C[C[C[C[C[C[C[C[C[C[C[C[C[C[C[C[C[C[C[C[C[C[C[C[C[C[C[C[C[C[C[C[C[C[C[C[C[C[C[C[C[C[C[C[C[C[C[C[C[C[C[C[C[C[C[C[C[C[C[C[C[C[C[C[C[C[C[C[C[C[C[C[C[C[C[C[C[C[C[C[C[C[Cremote add origin git@github.com:ssnchimata/dataquality.git[A]0;schimata@schimata-ThinkPad-T450: ~/Projects/2019/dataquality[01;32mschimata@schimata-ThinkPad-T450[00m:[01;34m~/Projects/2019/dataquality[00m$ [C[C[C[C[9Pcommit -m "first commit"
[K[A[C[C[C[C[C[C[C[C[C[C[C[C[C[C[C[C[C[C[C[C[C[C[C[C[C[C[C[C[C[C[C[C[C[C[C[C[C[C[C[C[C[C[C[C[C[C[C[C[C[C[C[C[C[C[C[C[C[C[C[C[C[C[C[C[C[C[C[C[C[C[C[C[C[C[C[C[C[C[C[C[C[C[C[C[C[C[C[C[Cadd .[Kcommit -m "first commit"init[K
Initialized empty Git repository in /home/schimata/Projects/2019/dataquality/.git/
]0;/home/schimata/Projects/2019/dataquality]0;schimata@schimata-ThinkPad-T450: ~/Projects/2019/dataquality[01;32mschimata@schimata-ThinkPad-T450[00m:[01;34m~/Projects/2019/dataquality[00m$ git initrm -rf .git[1P[C[C[C[C[C[C[Cgit push -u dataqualityh master[10Pcommit -m "0.1.0"add .[K
]0;/home/schimata/Projects/2019/dataquality]0;schimata@schimata-ThinkPad-T450: ~/Projects/2019/dataquality[01;32mschimata@schimata-ThinkPad-T450[00m:[01;34m~/Projects/2019/dataquality[00m$ git add .[1Pinitrm -rf .git[1P[C[C[C[C[C[C[Cgit push -u dataqualityh master[10Pcommit -m "0.1.0"
[master (root-commit) c1ac3be] 0.1.0
 57 files changed, 2427 insertions(+)
 create mode 100644 .Rbuildignore
 create mode 100644 .Rproj.user/4631C655/build_options
 create mode 100644 .Rproj.user/4631C655/console06/54A24046
 create mode 100644 .Rproj.user/4631C655/console06/54A24046.env
 create mode 100644 .Rproj.user/4631C655/console06/INDEX001
 create mode 100644 .Rproj.user/4631C655/cpp-definition-cache
 create mode 100644 .Rproj.user/4631C655/pcs/debug-breakpoints.pper
 create mode 100644 .Rproj.user/4631C655/pcs/files-pane.pper
 create mode 100644 .Rproj.user/4631C655/pcs/packages-pane.pper
 create mode 100644 .Rproj.user/4631C655/pcs/source-pane.pper
 create mode 100644 .Rproj.user/4631C655/pcs/windowlayoutstate.pper
 create mode 100644 .Rproj.user/4631C655/pcs/workbench-pane.pper
 create mode 100644 .Rproj.user/4631C655/persistent-state
 create mode 100644 .Rproj.user/4631C655/rmd-outputs
 create mode 100644 .Rproj.user/4631C655/saved_source_markers
 create mode 100644 .Rproj.user/4631C655/sources/prop/17B71F18
 create mode 100644 .Rproj.user/4631C655/sources/prop/3BFFD087
 create mode 100644 .Rproj.user/4631C655/sources/prop/416402D7
 create mode 100644 .Rproj.user/4631C655/sources/prop/4800FF7D
 create mode 100644 .Rproj.user/4631C655/sources/prop/7D193422
 create mode 100644 .Rproj.user/4631C655/sources/prop/855BD5BC
 create mode 100644 .Rproj.user/4631C655/sources/prop/A3A2FB77
 create mode 100644 .Rproj.user/4631C655/sources/prop/BEA46512
 create mode 100644 .Rproj.user/4631C655/sources/prop/DC70BD99
 create mode 100644 .Rproj.user/4631C655/sources/prop/F75BF69B
 create mode 100644 .Rproj.user/4631C655/sources/prop/INDEX
 create mode 100644 .Rproj.user/4631C655/sources/s-294E2EEA/12076679-contents
 create mode 100644 .Rproj.user/4631C655/sources/s-294E2EEA/17706294-contents
 create mode 100644 .Rproj.user/4631C655/sources/s-294E2EEA/2BBD6070-contents
 create mode 100644 .Rproj.user/4631C655/sources/s-294E2EEA/2C9E7173-contents
 create mode 100644 .Rproj.user/4631C655/sources/s-294E2EEA/34B65F0D-contents
 create mode 100644 .Rproj.user/4631C655/sources/s-294E2EEA/3651A3A8-contents
 create mode 100644 .Rproj.user/4631C655/sources/s-294E2EEA/40E5C01F
 create mode 100644 .Rproj.user/4631C655/sources/s-294E2EEA/40E5C01F-contents
 create mode 100644 .Rproj.user/4631C655/sources/s-294E2EEA/56F96F5E-contents
 create mode 100644 .Rproj.user/4631C655/sources/s-294E2EEA/5E3519F6-contents
 create mode 100644 .Rproj.user/4631C655/sources/s-294E2EEA/65241064-contents
 create mode 100644 .Rproj.user/4631C655/sources/s-294E2EEA/66E96135-contents
 create mode 100644 .Rproj.user/4631C655/sources/s-294E2EEA/74F86322
 create mode 100644 .Rproj.user/4631C655/sources/s-294E2EEA/74F86322-contents
 create mode 100644 .Rproj.user/4631C655/sources/s-294E2EEA/80F34E2C
 create mode 100644 .Rproj.user/4631C655/sources/s-294E2EEA/80F34E2C-contents
 create mode 100644 .Rproj.user/4631C655/sources/s-294E2EEA/81ABAA58
 create mode 100644 .Rproj.user/4631C655/sources/s-294E2EEA/81ABAA58-contents
 create mode 100644 .Rproj.user/4631C655/sources/s-294E2EEA/B0EB3D63-contents
 create mode 100644 .Rproj.user/4631C655/sources/s-294E2EEA/BF97D4A9-contents
 create mode 100644 .Rproj.user/4631C655/sources/s-294E2EEA/C6E4ADF4-contents
 create mode 100644 .Rproj.user/4631C655/sources/s-294E2EEA/lock_file
 create mode 100644 .Rproj.user/shared/notebooks/patch-chunk-names
 create mode 100644 .Rproj.user/shared/notebooks/paths
 create mode 100644 DESCRIPTION
 create mode 100644 LICENSE
 create mode 100644 LICENSE.md
 create mode 100644 NAMESPACE
 create mode 100644 R/dataquality.R
 create mode 100644 dataquality.Rproj
 create mode 100644 man/DQR.Rd
]0;/home/schimata/Projects/2019/dataquality]0;schimata@schimata-ThinkPad-T450: ~/Projects/2019/dataquality[01;32mschimata@schimata-ThinkPad-T450[00m:[01;34m~/Projects/2019/dataquality[00m$ git commit -m "0.1.0"add .[K[1Pinitrm -rf .git[1P[C[C[C[C[C[C[Cgit push -u dataqualityh master[10Pcommit -m "0.1.0"add .[Kpush -u dataqualityh masterremote add dataqualityh https://giithub.com/snchimata/dataquality.git[A]0;schimata@schimata-ThinkPad-T450: ~/Projects/2019/dataquality[01;32mschimata@schimata-ThinkPad-T450[00m:[01;34m~/Projects/2019/dataquality[00m$ [C[C[C[C[C[C[C[C[C[C[C[C[C[C[Corigin https://github.c[6Pom/snchimata/dataquality.git[A]0;schimata@schimata-ThinkPad-T450: ~/Projects/2019/dataquality[01;32mschimata@schimata-ThinkPad-T450[00m:[01;34m~/Projects/2019/dataquality[00m$ [C[C[C[C[12Ppush -u origin master
[K[A[C[C[C[C[C[C[C[C[C[C[C[C[C[C[C[C[C[C[C[C[C[C[C[C[C[C[C[C[C[C[C[C[C[C[C[C[C[C[C[C[C[C[C[C[C[C[C[C[C[C[C[C[C[C[C[C[C[C[C[C[C[C[C[C[C[C[C[C[C[C[C[C[C[C[C[C[C[C[C[C[C[C[C[C[C[C[K[K[K[K[K[K[K[K[K[K[K[K[K[K[K[K[K[K[K[K[K[K[K[K[Kgit remote remove origin[K[K[K[K[K[K.
fatal: No such remote: .
]0;/home/schimata/Projects/2019/dataquality]0;schimata@schimata-ThinkPad-T450: ~/Projects/2019/dataquality[01;32mschimata@schimata-ThinkPad-T450[00m:[01;34m~/Projects/2019/dataquality[00m$ git remote remove .commit -m "0.1.0"[2Premote remove .[Kdataqualityh
fatal: No such remote: dataqualityh
]0;/home/schimata/Projects/2019/dataquality]0;schimata@schimata-ThinkPad-T450: ~/Projects/2019/dataquality[01;32mschimata@schimata-ThinkPad-T450[00m:[01;34m~/Projects/2019/dataquality[00m$ git remote remove dataqualityh[C[C[C[C[C[C[C[C[C[C[C[C[C[K[K[K[K[K[K[K[K[K[K[K[Korigin
fatal: No such remote: origin
]0;/home/schimata/Projects/2019/dataquality]0;schimata@schimata-ThinkPad-T450: ~/Projects/2019/dataquality[01;32mschimata@schimata-ThinkPad-T450[00m:[01;34m~/Projects/2019/dataquality[00m$ git remote add origin https://github.ccom/snchimata/dataquality_pkg.git
]0;/home/schimata/Projects/2019/dataquality]0;schimata@schimata-ThinkPad-T450: ~/Projects/2019/dataquality[01;32mschimata@schimata-ThinkPad-T450[00m:[01;34m~/Projects/2019/dataquality[00m$ git push -u origin master
Username for 'https://github.com': snchimata
Password for 'https://snchimata@github.com': 
Counting objects: 60, done.
Delta compression using up to 4 threads.
Compressing objects:   2% (1/46)   Compressing objects:   4% (2/46)   Compressing objects:   6% (3/46)   Compressing objects:   8% (4/46)   Compressing objects:  10% (5/46)   Compressing objects:  13% (6/46)   Compressing objects:  15% (7/46)   Compressing objects:  17% (8/46)   Compressing objects:  19% (9/46)   Compressing objects:  21% (10/46)   Compressing objects:  23% (11/46)   Compressing objects:  26% (12/46)   Compressing objects:  28% (13/46)   Compressing objects:  30% (14/46)   Compressing objects:  32% (15/46)   Compressing objects:  34% (16/46)   Compressing objects:  36% (17/46)   Compressing objects:  39% (18/46)   Compressing objects:  41% (19/46)   Compressing objects:  43% (20/46)   Compressing objects:  45% (21/46)   Compressing objects:  47% (22/46)   Compressing objects:  50% (23/46)   Compressing objects:  52% (24/46)   Compressing objects:  54% (25/46)   Compressing objects:  56% (26/46)   Compressing objects:  58% (27/46)   Compressing objects:  60% (28/46)   Compressing objects:  63% (29/46)   Compressing objects:  65% (30/46)   Compressing objects:  67% (31/46)   Compressing objects:  69% (32/46)   Compressing objects:  71% (33/46)   Compressing objects:  73% (34/46)   Compressing objects:  76% (35/46)   Compressing objects:  78% (36/46)   Compressing objects:  80% (37/46)   Compressing objects:  82% (38/46)   Compressing objects:  84% (39/46)   Compressing objects:  86% (40/46)   Compressing objects:  89% (41/46)   Compressing objects:  91% (42/46)   Compressing objects:  93% (43/46)   Compressing objects:  95% (44/46)   Compressing objects:  97% (45/46)   Compressing objects: 100% (46/46)   Compressing objects: 100% (46/46), done.
Writing objects:   1% (1/60)   Writing objects:   3% (2/60)   Writing objects:   5% (3/60)   Writing objects:   6% (4/60)   Writing objects:   8% (5/60)   Writing objects:  10% (6/60)   Writing objects:  11% (7/60)   Writing objects:  13% (8/60)   Writing objects:  15% (9/60)   Writing objects:  16% (10/60)   Writing objects:  18% (11/60)   Writing objects:  20% (12/60)   Writing objects:  21% (13/60)   Writing objects:  23% (14/60)   Writing objects:  25% (15/60)   Writing objects:  26% (16/60)   Writing objects:  28% (17/60)   Writing objects:  30% (18/60)   Writing objects:  31% (19/60)   Writing objects:  33% (20/60)   Writing objects:  35% (21/60)   Writing objects:  36% (22/60)   Writing objects:  38% (23/60)   Writing objects:  40% (24/60)   Writing objects:  41% (25/60)   Writing objects:  43% (26/60)   Writing objects:  45% (27/60)   Writing objects:  46% (28/60)   Writing objects:  48% (29/60)   Writing objects:  50% (30/60)   Writing objects:  51% (31/60)   Writing objects:  53% (32/60)   Writing objects:  55% (33/60)   Writing objects:  56% (34/60)   Writing objects:  58% (35/60)   Writing objects:  60% (36/60)   Writing objects:  61% (37/60)   Writing objects:  63% (38/60)   Writing objects:  65% (39/60)   Writing objects:  66% (40/60)   Writing objects:  68% (41/60)   Writing objects:  71% (43/60)   Writing objects:  75% (45/60)   Writing objects:  76% (46/60)   Writing objects:  78% (47/60)   Writing objects:  80% (48/60)   Writing objects:  81% (49/60)   Writing objects:  83% (50/60)   Writing objects:  85% (51/60)   Writing objects:  86% (52/60)   Writing objects:  88% (53/60)   Writing objects:  90% (54/60)   Writing objects:  91% (55/60)   Writing objects:  93% (56/60)   Writing objects:  95% (57/60)   Writing objects:  96% (58/60)   Writing objects:  98% (59/60)   Writing objects: 100% (60/60)   Writing objects: 100% (60/60), 28.63 KiB | 3.58 MiB/s, done.
Total 60 (delta 5), reused 0 (delta 0)
remote: Resolving deltas:   0% (0/5)   [Kremote: Resolving deltas:  60% (3/5)   [Kremote: Resolving deltas:  80% (4/5)   [Kremote: Resolving deltas: 100% (5/5)   [Kremote: Resolving deltas: 100% (5/5), done.[K
To https://github.com/snchimata/dataquality_pkg.git
 * [new branch]      master -> master
Branch 'master' set up to track remote branch 'master' from 'origin'.
]0;/home/schimata/Projects/2019/dataquality]0;schimata@schimata-ThinkPad-T450: ~/Projects/2019/dataquality[01;32mschimata@schimata-ThinkPad-T450[00m:[01;34m~/Projects/2019/dataquality[00m$ [K]0;schimata@schimata-ThinkPad-T450: ~/Projects/2019/dataquality[01;32mschimata@schimata-ThinkPad-T450[00m:[01;34m~/Projects/2019/dataquality[00m$ git push -u origin masterremote add origin https://github.com/ssnchimata/dataquality_pkg.git[A]0;schimata@schimata-ThinkPad-T450: ~/Projects/2019/dataquality[01;32mschimata@schimata-ThinkPad-T450[00m:[01;34m~/Projects/2019/dataquality[00m$ [C[C[C[C[C[C[C[C[C[C[C[17Premove origin
[K[A[C[C[C[C[C[C[C[C[C[C[C[C[C[C[C[C[C[C[C[C[C[C[C[C[C[C[C[C[C[C[C[C[C[C[C[C[C[C[C[C[C[C[C[C[C[C[C[C[C[C[C[C[C[C[C[C[C[C[C[C[C[C[C[C[C[C[C[C[C[C[C[C[C[C[C[C[C[C[C[C[C[C[C[C[Cdataqualityh.[Kcommit -m "0.1.0"add .[K
]0;/home/schimata/Projects/2019/dataquality]0;schimata@schimata-ThinkPad-T450: ~/Projects/2019/dataquality[01;32mschimata@schimata-ThinkPad-T450[00m:[01;34m~/Projects/2019/dataquality[00m$ git add .push -u origin masterremote add origin https://github.com/ssnchimata/dataquality_pkg.git[A]0;schimata@schimata-ThinkPad-T450: ~/Projects/2019/dataquality[01;32mschimata@schimata-ThinkPad-T450[00m:[01;34m~/Projects/2019/dataquality[00m$ [C[C[C[C[C[C[C[C[C[C[C[17Premove origin
[K[A[C[C[C[C[C[C[C[C[C[C[C[C[C[C[C[C[C[C[C[C[C[C[C[C[C[C[C[C[C[C[C[C[C[C[C[C[C[C[C[C[C[C[C[C[C[C[C[C[C[C[C[C[C[C[C[C[C[C[C[C[C[C[C[C[C[C[C[C[C[C[C[C[C[C[C[C[C[C[C[C[C[C[C[C[Cdataqualityh.[Kcommit -m "0.1.0"[1P"1"
[master 6a3e8f1] 0.1.1
 14 files changed, 118 insertions(+), 36 deletions(-)
 rewrite .Rproj.user/4631C655/console06/INDEX001 (84%)
 create mode 100644 .Rproj.user/4631C655/sources/s-294E2EEA/BBC2597A-contents
]0;/home/schimata/Projects/2019/dataquality]0;schimata@schimata-ThinkPad-T450: ~/Projects/2019/dataquality[01;32mschimata@schimata-ThinkPad-T450[00m:[01;34m~/Projects/2019/dataquality[00m$ git commit -m "0.1.1"add .[Kpush -u origin master
Username for 'https://github.com': snchimata
Password for 'https://snchimata@github.com': 
Counting objects: 21, done.
Delta compression using up to 4 threads.
Compressing objects:   5% (1/20)   Compressing objects:  10% (2/20)   Compressing objects:  15% (3/20)   Compressing objects:  20% (4/20)   Compressing objects:  25% (5/20)   Compressing objects:  30% (6/20)   Compressing objects:  35% (7/20)   Compressing objects:  40% (8/20)   Compressing objects:  45% (9/20)   Compressing objects:  50% (10/20)   Compressing objects:  55% (11/20)   Compressing objects:  60% (12/20)   Compressing objects:  65% (13/20)   Compressing objects:  70% (14/20)   Compressing objects:  75% (15/20)   Compressing objects:  80% (16/20)   Compressing objects:  85% (17/20)   Compressing objects:  90% (18/20)   Compressing objects:  95% (19/20)   Compressing objects: 100% (20/20)   Compressing objects: 100% (20/20), done.
Writing objects:   4% (1/21)   Writing objects:   9% (2/21)   Writing objects:  14% (3/21)   Writing objects:  19% (4/21)   Writing objects:  23% (5/21)   Writing objects:  28% (6/21)   Writing objects:  33% (7/21)   Writing objects:  38% (8/21)   Writing objects:  42% (9/21)   Writing objects:  47% (10/21)   Writing objects:  52% (11/21)   Writing objects:  57% (12/21)   Writing objects:  61% (13/21)   Writing objects:  66% (14/21)   Writing objects:  71% (15/21)   Writing objects:  76% (16/21)   Writing objects:  80% (17/21)   Writing objects:  85% (18/21)   Writing objects:  90% (19/21)   Writing objects:  95% (20/21)   Writing objects: 100% (21/21)   Writing objects: 100% (21/21), 2.21 KiB | 1.10 MiB/s, done.
Total 21 (delta 12), reused 0 (delta 0)
remote: Resolving deltas:   0% (0/12)   [Kremote: Resolving deltas:   8% (1/12)   [Kremote: Resolving deltas:  16% (2/12)   [Kremote: Resolving deltas:  25% (3/12)   [Kremote: Resolving deltas:  33% (4/12)   [Kremote: Resolving deltas:  41% (5/12)   [Kremote: Resolving deltas:  50% (6/12)   [Kremote: Resolving deltas:  58% (7/12)   [Kremote: Resolving deltas:  66% (8/12)   [Kremote: Resolving deltas:  75% (9/12)   [Kremote: Resolving deltas:  83% (10/12)   [Kremote: Resolving deltas:  91% (11/12)   [Kremote: Resolving deltas: 100% (12/12)   [Kremote: Resolving deltas: 100% (12/12), completed with 12 local objects.[K
To https://github.com/snchimata/dataquality_pkg.git
   c1ac3be..6a3e8f1  master -> master
Branch 'master' set up to track remote branch 'master' from 'origin'.
]0;/home/schimata/Projects/2019/dataquality]0;schimata@schimata-ThinkPad-T450: ~/Projects/2019/dataquality[01;32mschimata@schimata-ThinkPad-T450[00m:[01;34m~/Projects/2019/dataquality[00m$ git push -u origin master[4Pcommit -m "0.1.1"add .[K